xml/moedict1.xml
xml/moedict2.xml
xml/moedict3.xml
xml/moedict4.xml
xml/moedict5.xml
xml/moedict6.xml
xml/moedict7.xml
xml/moedict8.xml
xml/moedict9.xml
xml/moedict10.xml
xml/moedict11.xml
xml/moedict12.xml
xml/moedict13.xml
xml/moedict14.xml
xml/moedict15.xml
xml/moedict16.xml
xml/moedict17.xml
xml/moedict18.xml
xml/moedict19.xml
xml/moedict20.xml
xml/moedict21.xml
xml/moedict22.xml
xml/moedict23.xml
xml/moedict24.xml
xml/moedict25.xml
xml/moedict26.xml
xml/moedict27.xml
xml/moedict28.xml
xml/moedict29.xml
xml/moedict30.xml
xml/moedict31.xml
xml/moedict32.xml
xml/moedict33.xml
xml/moedict34.xml
xml/moedict35.xml
xml/moedict36.xml
xml/moedict37.xml
xml/moedict38.xml
xml/moedict39.xml
xml/moedict40.xml
xml/moedict41.xml
xml/moedict42.xml
xml/moedict43.xml
xml/moedict44.xml
xml/moedict45.xml
xml/moedict46.xml
xml/moedict47.xml
xml/moedict48.xml
xml/moedict49.xml
xml/moedict50.xml
xml/moedict51.xml
xml/moedict52.xml
xml/moedict53.xml
xml/moedict54.xml
xml/moedict55.xml
xml/moedict56.xml
xml/moedict57.xml
xml/moedict58.xml
xml/moedict59.xml
xml/moedict60.xml
xml/moedict61.xml
xml/moedict62.xml
xml/moedict63.xml
xml/moedict64.xml
xml/moedict65.xml
xml/moedict66.xml
xml/moedict67.xml
xml/moedict68.xml
xml/moedict69.xml
xml/moedict70.xml
xml/moedict71.xml
xml/moedict72.xml
xml/moedict73.xml
xml/moedict74.xml
xml/moedict75.xml
xml/moedict76.xml
xml/moedict77.xml
xml/moedict78.xml
xml/moedict79.xml
xml/moedict80.xml
xml/moedict81.xml
xml/moedict82.xml
xml/moedict83.xml
xml/moedict84.xml
xml/moedict85.xml
xml/moedict86.xml
xml/moedict87.xml
xml/moedict88.xml
xml/moedict89.xml
xml/moedict90.xml
xml/moedict91.xml
xml/moedict92.xml
xml/moedict93.xml
xml/moedict94.xml
xml/moedict95.xml
xml/moedict96.xml
xml/moedict97.xml
xml/moedict98.xml
xml/moedict99.xml
xml/moedict100.xml
xml/moedict101.xml
xml/moedict102.xml
xml/moedict103.xml
xml/moedict104.xml
xml/moedict105.xml
xml/moedict106.xml
xml/moedict107.xml
xml/moedict108.xml
xml/moedict109.xml
xml/moedict110.xml
xml/moedict111.xml
xml/moedict112.xml
xml/moedict113.xml
xml/moedict114.xml
xml/moedict115.xml
xml/moedict116.xml
xml/moedict117.xml
xml/moedict118.xml
xml/moedict119.xml
xml/moedict120.xml
xml/moedict121.xml
xml/moedict122.xml
xml/moedict123.xml
xml/moedict124.xml
xml/moedict125.xml
xml/moedict126.xml
xml/moedict127.xml
xml/moedict128.xml
xml/moedict129.xml
xml/moedict130.xml
xml/moedict131.xml
xml/moedict132.xml
xml/moedict133.xml
xml/moedict134.xml
xml/moedict135.xml
xml/moedict136.xml
xml/moedict137.xml
xml/moedict138.xml
xml/moedict139.xml
xml/moedict140.xml
xml/moedict141.xml
xml/moedict142.xml
xml/moedict143.xml
xml/moedict144.xml
xml/moedict145.xml
xml/moedict146.xml
xml/moedict147.xml
xml/moedict148.xml
xml/moedict149.xml
xml/moedict150.xml
xml/moedict151.xml
xml/moedict152.xml
xml/moedict153.xml
xml/moedict154.xml
xml/moedict155.xml
xml/moedict156.xml
xml/moedict157.xml
xml/moedict158.xml
xml/moedict159.xml
xml/moedict160.xml
xml/moedict161.xml
xml/moedict162.xml
xml/moedict163.xml
xml/moedict164.xml
xml/moedict165.xml
xml/moedict166.xml
xml/moedict167.xml
xml/moedict168.xml
xml/moedict169.xml
xml/moedict170.xml
xml/moedict171.xml
xml/moedict172.xml
xml/moedict173.xml
xml/moedict174.xml
xml/moedict175.xml
xml/moedict176.xml
xml/moedict177.xml
xml/moedict178.xml
xml/moedict179.xml
xml/moedict180.xml
xml/moedict181.xml
xml/moedict182.xml
xml/moedict183.xml
xml/moedict184.xml
xml/moedict185.xml
xml/moedict186.xml
xml/moedict187.xml
xml/moedict188.xml
xml/moedict189.xml
xml/moedict190.xml
xml/moedict191.xml
xml/moedict192.xml
xml/moedict193.xml
xml/moedict194.xml
xml/moedict195.xml
xml/moedict196.xml
xml/moedict197.xml
xml/moedict198.xml
xml/moedict199.xml
xml/moedict200.xml
xml/moedict201.xml
xml/moedict202.xml
xml/moedict203.xml
xml/moedict204.xml
xml/moedict205.xml
xml/moedict206.xml
xml/moedict207.xml
xml/moedict208.xml
xml/moedict209.xml
xml/moedict210.xml
xml/moedict211.xml
xml/moedict212.xml
xml/moedict213.xml
xml/moedict214.xml
xml/moedict215.xml
xml/moedict216.xml
xml/moedict217.xml
xml/moedict218.xml
xml/moedict219.xml
xml/moedict220.xml
xml/moedict221.xml
xml/moedict222.xml
xml/moedict223.xml
xml/moedict224.xml
xml/moedict225.xml
xml/moedict226.xml
xml/moedict227.xml
xml/moedict228.xml
xml/moedict229.xml
xml/moedict230.xml
xml/moedict231.xml
xml/moedict232.xml
xml/moedict233.xml
xml/moedict234.xml
xml/moedict235.xml
xml/moedict236.xml
xml/moedict237.xml
xml/moedict238.xml
xml/moedict239.xml
xml/moedict240.xml
xml/moedict241.xml
xml/moedict242.xml
xml/moedict243.xml
xml/moedict244.xml
xml/moedict245.xml
xml/moedict246.xml
xml/moedict247.xml
xml/moedict248.xml
xml/moedict249.xml
xml/moedict250.xml
xml/moedict251.xml
xml/moedict252.xml
xml/moedict253.xml
xml/moedict254.xml
xml/moedict255.xml
xml/moedict256.xml
xml/moedict257.xml
xml/moedict258.xml
xml/moedict259.xml
xml/moedict260.xml
xml/moedict261.xml
xml/moedict262.xml
xml/moedict263.xml
xml/moedict264.xml
xml/moedict265.xml
xml/moedict266.xml
xml/moedict267.xml
xml/moedict268.xml
xml/moedict269.xml
xml/moedict270.xml
xml/moedict271.xml
xml/moedict272.xml
xml/moedict273.xml
xml/moedict274.xml
xml/moedict275.xml
xml/moedict276.xml
xml/moedict277.xml
xml/moedict278.xml
xml/moedict279.xml
xml/moedict280.xml
xml/moedict281.xml
xml/moedict282.xml
xml/moedict283.xml
xml/moedict284.xml
xml/moedict285.xml
xml/moedict286.xml
xml/moedict287.xml
xml/moedict288.xml
xml/moedict289.xml
xml/moedict290.xml
xml/moedict291.xml
xml/moedict292.xml
xml/moedict293.xml
xml/moedict294.xml
xml/moedict295.xml
xml/moedict296.xml
xml/moedict297.xml
xml/moedict298.xml
xml/moedict299.xml
xml/moedict300.xml
xml/moedict301.xml
xml/moedict302.xml
xml/moedict303.xml
xml/moedict304.xml
xml/moedict305.xml
xml/moedict306.xml
xml/moedict307.xml
xml/moedict308.xml
xml/moedict309.xml
xml/moedict310.xml
xml/moedict311.xml
xml/moedict312.xml
xml/moedict313.xml
xml/moedict314.xml
xml/moedict315.xml
xml/moedict316.xml
xml/moedict317.xml
xml/moedict318.xml
xml/moedict319.xml
xml/moedict320.xml
xml/moedict321.xml
xml/moedict322.xml
xml/moedict323.xml
xml/moedict324.xml
xml/moedict325.xml
xml/moedict326.xml
xml/moedict327.xml
xml/moedict328.xml
xml/moedict329.xml
xml/moedict330.xml
xml/moedict331.xml
xml/moedict332.xml
xml/moedict333.xml
xml/moedict334.xml
xml/moedict335.xml
xml/moedict336.xml
xml/moedict337.xml
xml/moedict338.xml
xml/moedict339.xml
xml/moedict340.xml
xml/moedict341.xml
xml/moedict342.xml
xml/moedict343.xml
xml/moedict344.xml
xml/moedict345.xml
xml/moedict346.xml
xml/moedict347.xml
xml/moedict348.xml
xml/moedict349.xml
xml/moedict350.xml
xml/moedict351.xml
xml/moedict352.xml
xml/moedict353.xml
xml/moedict354.xml
xml/moedict355.xml
xml/moedict356.xml
xml/moedict357.xml
xml/moedict358.xml
xml/moedict359.xml
xml/moedict360.xml
xml/moedict361.xml
xml/moedict362.xml
xml/moedict363.xml
xml/moedict364.xml
xml/moedict365.xml
xml/moedict366.xml
xml/moedict367.xml
xml/moedict368.xml
xml/moedict369.xml
xml/moedict370.xml
xml/moedict371.xml
xml/moedict372.xml
xml/moedict373.xml
xml/moedict374.xml
xml/moedict375.xml
xml/moedict376.xml
xml/moedict377.xml
xml/moedict378.xml
xml/moedict379.xml
xml/moedict380.xml
xml/moedict381.xml
xml/moedict382.xml
xml/moedict383.xml
xml/moedict384.xml
xml/moedict385.xml
xml/moedict386.xml
xml/moedict387.xml
xml/moedict388.xml
xml/moedict389.xml
xml/moedict390.xml
xml/moedict391.xml
xml/moedict392.xml
xml/moedict393.xml
xml/moedict394.xml
xml/moedict395.xml
xml/moedict396.xml
xml/moedict397.xml
xml/moedict398.xml
xml/moedict399.xml
xml/moedict400.xml
xml/moedict401.xml
xml/moedict402.xml
xml/moedict403.xml
xml/moedict404.xml
xml/moedict405.xml
xml/moedict406.xml
xml/moedict407.xml
xml/moedict408.xml
xml/moedict409.xml
xml/moedict410.xml
xml/moedict411.xml
xml/moedict412.xml
xml/moedict413.xml
xml/moedict414.xml
xml/moedict415.xml
xml/moedict416.xml
xml/moedict417.xml
xml/moedict418.xml
xml/moedict419.xml
xml/moedict420.xml
xml/moedict421.xml
xml/moedict422.xml
xml/moedict423.xml
xml/moedict424.xml
xml/moedict425.xml
xml/moedict426.xml
xml/moedict427.xml
xml/moedict428.xml
xml/moedict429.xml
xml/moedict430.xml
xml/moedict431.xml
xml/moedict432.xml
xml/moedict433.xml
xml/moedict434.xml
xml/moedict435.xml
xml/moedict436.xml
xml/moedict437.xml
xml/moedict438.xml
xml/moedict439.xml
xml/moedict440.xml
xml/moedict441.xml
xml/moedict442.xml
xml/moedict443.xml
xml/moedict444.xml
xml/moedict445.xml
xml/moedict446.xml
xml/moedict447.xml
xml/moedict448.xml
xml/moedict449.xml
xml/moedict450.xml
xml/moedict451.xml
xml/moedict452.xml
xml/moedict453.xml
xml/moedict454.xml
xml/moedict455.xml
xml/moedict456.xml
xml/moedict457.xml
xml/moedict458.xml
xml/moedict459.xml
xml/moedict460.xml
xml/moedict461.xml
xml/moedict462.xml
xml/moedict463.xml
xml/moedict464.xml
xml/moedict465.xml
xml/moedict466.xml
xml/moedict467.xml
xml/moedict468.xml
xml/moedict469.xml
xml/moedict470.xml
xml/moedict471.xml
xml/moedict472.xml
xml/moedict473.xml
xml/moedict474.xml
xml/moedict475.xml
xml/moedict476.xml
xml/moedict477.xml
xml/moedict478.xml
xml/moedict479.xml
xml/moedict480.xml
xml/moedict481.xml
xml/moedict482.xml
xml/moedict483.xml
xml/moedict484.xml
xml/moedict485.xml
xml/moedict486.xml
xml/moedict487.xml
xml/moedict488.xml
xml/moedict489.xml
xml/moedict490.xml
xml/moedict491.xml
xml/moedict492.xml
xml/moedict493.xml
xml/moedict494.xml
xml/moedict495.xml
xml/moedict496.xml
xml/moedict497.xml
xml/moedict498.xml
xml/moedict499.xml
xml/moedict500.xml
xml/moedict501.xml
xml/moedict502.xml
xml/moedict503.xml
xml/moedict504.xml
xml/moedict505.xml
xml/moedict506.xml
xml/moedict507.xml
xml/moedict508.xml
xml/moedict509.xml
xml/moedict510.xml
xml/moedict511.xml
xml/moedict512.xml
xml/moedict513.xml
xml/moedict514.xml
xml/moedict515.xml
xml/moedict516.xml
xml/moedict517.xml
xml/moedict518.xml
xml/moedict519.xml
xml/moedict520.xml
xml/moedict521.xml
xml/moedict522.xml
xml/moedict523.xml
xml/moedict524.xml
xml/moedict525.xml
xml/moedict526.xml
xml/moedict527.xml
xml/moedict528.xml
xml/moedict529.xml
xml/moedict530.xml
xml/moedict531.xml
xml/moedict532.xml
xml/moedict533.xml
xml/moedict534.xml
xml/moedict535.xml
xml/moedict536.xml
xml/moedict537.xml
xml/moedict538.xml
xml/moedict539.xml
xml/moedict540.xml
xml/moedict541.xml
xml/moedict542.xml
xml/moedict543.xml
xml/moedict544.xml
xml/moedict545.xml
xml/moedict546.xml
xml/moedict547.xml
xml/moedict548.xml
xml/moedict549.xml
xml/moedict550.xml
xml/moedict551.xml
xml/moedict552.xml
xml/moedict553.xml
xml/moedict554.xml
xml/moedict555.xml
xml/moedict556.xml
xml/moedict557.xml
xml/moedict558.xml
xml/moedict559.xml
xml/moedict560.xml
xml/moedict561.xml
xml/moedict562.xml
xml/moedict563.xml
xml/moedict564.xml
xml/moedict565.xml
xml/moedict566.xml
xml/moedict567.xml
xml/moedict568.xml
xml/moedict569.xml
xml/moedict570.xml
xml/moedict571.xml
xml/moedict572.xml
xml/moedict573.xml
xml/moedict574.xml
xml/moedict575.xml
xml/moedict576.xml
xml/moedict577.xml
xml/moedict578.xml
xml/moedict579.xml
xml/moedict580.xml
xml/moedict581.xml
xml/moedict582.xml
xml/moedict583.xml
xml/moedict584.xml
xml/moedict585.xml
xml/moedict586.xml
xml/moedict587.xml
xml/moedict588.xml
xml/moedict589.xml
xml/moedict590.xml
xml/moedict591.xml
xml/moedict592.xml
xml/moedict593.xml
xml/moedict594.xml
xml/moedict595.xml
xml/moedict596.xml
xml/moedict597.xml
xml/moedict598.xml
xml/moedict599.xml
xml/moedict600.xml
xml/moedict601.xml
xml/moedict602.xml
xml/moedict603.xml
xml/moedict604.xml
xml/moedict605.xml
xml/moedict606.xml
xml/moedict607.xml
xml/moedict608.xml
xml/moedict609.xml
xml/moedict610.xml
xml/moedict611.xml
xml/moedict612.xml
xml/moedict613.xml
xml/moedict614.xml
xml/moedict615.xml
xml/moedict616.xml
xml/moedict617.xml
xml/moedict618.xml
xml/moedict619.xml
xml/moedict620.xml
xml/moedict621.xml
xml/moedict622.xml
xml/moedict623.xml
xml/moedict624.xml
xml/moedict625.xml
xml/moedict626.xml
xml/moedict627.xml
xml/moedict628.xml
xml/moedict629.xml
xml/moedict630.xml
xml/moedict631.xml
xml/moedict632.xml
xml/moedict633.xml
xml/moedict634.xml